
Memory Configuration

Name             Origin             Length             Attributes
SRAM             0x402f0400         0x0000fc00
L3OCMC0          0x40300000         0x00010000
M3SHUMEM         0x44d00000         0x00004000
M3SHDMEM         0x44d80000         0x00002000
DDR0             0x80000000         0x40000000
*default*        0x00000000         0xffffffff

Linker script and memory map

                0x0001c000                STACKSIZE = 0x1c000
                0x00000400                HEAPSIZE = 0x400
LOAD ./startup_ARMCA8.o
LOAD ./thisoneworks.o

.rsthand        0x80000000       0x70
                0x80000000                . = ALIGN (0x10000)
 *(.isr_vector)
 .isr_vector    0x80000000       0x50 ./startup_ARMCA8.o
                0x80000000                __isr_vector
                0x8000004e                DEF_IRQHandler
 *startup_ARMCA8.o(.text)
 .text          0x80000050       0x20 ./startup_ARMCA8.o
                0x80000050                Entry
                0x80000070                . = ALIGN (0x4)

.text           0x80000070      0x2e0
 *(.text*)
 .text          0x80000070      0x2e0 ./thisoneworks.o
                0x80000070                _start
                0x80000184                INT_DIRECTOR
 *(.init)
 *(.fini)
 *crtbegin.o(.ctors)
 *crtbegin?.o(.ctors)
 *(EXCLUDE_FILE(*crtend.o *crtend?.o) .ctors)
 *(SORT_BY_NAME(.ctors.*))
 *(.ctors)
 *crtbegin.o(.dtors)
 *crtbegin?.o(.dtors)
 *(EXCLUDE_FILE(*crtend.o *crtend?.o) .dtors)
 *(SORT_BY_NAME(.dtors.*))
 *(.dtors)
 *(.rodata*)
 *(.eh_frame*)

.glue_7         0x80000350        0x0
 .glue_7        0x80000350        0x0 linker stubs

.glue_7t        0x80000350        0x0
 .glue_7t       0x80000350        0x0 linker stubs

.vfp11_veneer   0x80000350        0x0
 .vfp11_veneer  0x80000350        0x0 linker stubs

.v4_bx          0x80000350        0x0
 .v4_bx         0x80000350        0x0 linker stubs

.iplt           0x80000350        0x0
 .iplt          0x80000350        0x0 ./startup_ARMCA8.o

.rel.dyn        0x80000350        0x0
 .rel.iplt      0x80000350        0x0 ./startup_ARMCA8.o

.ARM.extab
 *(.ARM.extab* .gnu.linkonce.armextab.*)
                0x80000350                __exidx_start = .

.ARM.exidx
 *(.ARM.exidx* .gnu.linkonce.armexidx.*)
                0x80000350                __exidx_end = .

.data           0x80000350     0x201c
                0x80000350                . = ALIGN (0x4)
                0x80000350                __data_start__ = .
 *(vtable)
 *(.data*)
 .data          0x80000350        0x0 ./startup_ARMCA8.o
 .data          0x80000350     0x201c ./thisoneworks.o
                0x8000236c                . = ALIGN (0x4)
                [!provide]                PROVIDE (__preinit_array_start, .)
 *(.preinit_array)
                [!provide]                PROVIDE (__preinit_array_end, .)
                0x8000236c                . = ALIGN (0x4)
                [!provide]                PROVIDE (__init_array_start, .)
 *(SORT_BY_NAME(.init_array.*))
 *(.init_array)
                [!provide]                PROVIDE (__init_array_end, .)
                0x8000236c                . = ALIGN (0x4)
                [!provide]                PROVIDE (__fini_array_start, .)
 *(SORT_BY_NAME(.fini_array.*))
 *(.fini_array)
                [!provide]                PROVIDE (__fini_array_end, .)
                0x8000236c                . = ALIGN (0x4)
                0x8000236c                __data_end__ = .

.igot.plt       0x8000236c        0x0
 .igot.plt      0x8000236c        0x0 ./startup_ARMCA8.o

.bss            0x8000236c        0x0
                0x8000236c                . = ALIGN (0x4)
                0x8000236c                __bss_start__ = .
 *(.bss*)
 .bss           0x8000236c        0x0 ./startup_ARMCA8.o
 .bss           0x8000236c        0x0 ./thisoneworks.o
 *(COMMON)
                0x8000236c                __bss_end__ = .

.heap           0x80002370      0x400
 FILL mask 0xdeadbeef
                0x80002370                . = ALIGN (0x4)
                0x80002370                __end__ = .
                0x80002370                end = __end__
                0x80002370                __HeapBase = __end__
 *(.heap*)
 .heap          0x80002370        0x0 ./startup_ARMCA8.o
                0x80002770                . = (. + HEAPSIZE)
 *fill*         0x80002370      0x400 deadbeef
                0x80002770                __HeapLimit = .

.stack          0x80002770    0x1c000
 FILL mask 0xbad0bad0
                0x80002770                . = ALIGN (0x4)
                0x80002770                __StackLimit = .
 *(.stack*)
 .stack         0x80002770        0x0 ./startup_ARMCA8.o
                0x8001e770                . = (. + STACKSIZE)
 *fill*         0x80002770    0x1c000 bad0bad0
                0x8001e770                __StackTop = .
                0x8001e770                __StackBase = .
                0x8001e770                PROVIDE (__stack, __StackTop)
START GROUP
LOAD c:/users/nguyen/documents/ccsv8/tools/compiler/gcc-arm-none-eabi-7-2017-q4-major-win32/bin/../lib/gcc/arm-none-eabi/7.2.1/thumb/v7-ar\libgcc.a
LOAD c:/users/nguyen/documents/ccsv8/tools/compiler/gcc-arm-none-eabi-7-2017-q4-major-win32/bin/../lib/gcc/arm-none-eabi/7.2.1/../../../../arm-none-eabi/lib/thumb/v7-ar\libg.a
LOAD c:/users/nguyen/documents/ccsv8/tools/compiler/gcc-arm-none-eabi-7-2017-q4-major-win32/bin/../lib/gcc/arm-none-eabi/7.2.1/../../../../arm-none-eabi/lib/thumb/v7-ar\libc.a
END GROUP
START GROUP
LOAD c:/users/nguyen/documents/ccsv8/tools/compiler/gcc-arm-none-eabi-7-2017-q4-major-win32/bin/../lib/gcc/arm-none-eabi/7.2.1/thumb/v7-ar\libgcc.a
LOAD c:/users/nguyen/documents/ccsv8/tools/compiler/gcc-arm-none-eabi-7-2017-q4-major-win32/bin/../lib/gcc/arm-none-eabi/7.2.1/../../../../arm-none-eabi/lib/thumb/v7-ar\libc.a
LOAD c:/users/nguyen/documents/ccsv8/tools/compiler/gcc-arm-none-eabi-7-2017-q4-major-win32/bin/../lib/gcc/arm-none-eabi/7.2.1/../../../../arm-none-eabi/lib/thumb/v7-ar\libnosys.a
END GROUP
OUTPUT(ECE372_Project1.out elf32-littlearm)

.ARM.attributes
                0x00000000       0x25
 .ARM.attributes
                0x00000000       0x25 ./startup_ARMCA8.o
 .ARM.attributes
                0x00000025       0x25 ./thisoneworks.o

.debug_line     0x00000000      0x17c
 .debug_line    0x00000000       0x71 ./startup_ARMCA8.o
 .debug_line    0x00000071      0x10b ./thisoneworks.o

.debug_info     0x00000000       0x48
 .debug_info    0x00000000       0x22 ./startup_ARMCA8.o
 .debug_info    0x00000022       0x26 ./thisoneworks.o

.debug_abbrev   0x00000000       0x26
 .debug_abbrev  0x00000000       0x12 ./startup_ARMCA8.o
 .debug_abbrev  0x00000012       0x14 ./thisoneworks.o

.debug_aranges  0x00000000       0x48
 .debug_aranges
                0x00000000       0x28 ./startup_ARMCA8.o
 .debug_aranges
                0x00000028       0x20 ./thisoneworks.o

.debug_str      0x00000000       0x4e
 .debug_str     0x00000000       0x3c ./startup_ARMCA8.o
 .debug_str     0x0000003c       0x12 ./thisoneworks.o
                                 0x3a (size before relaxing)

.debug_ranges   0x00000000       0x20
 .debug_ranges  0x00000000       0x20 ./startup_ARMCA8.o
